---
source: tests/style_tests.rs
expression: c.build()
---
@keyframes _52c9adf9 { from {background-color: #ffffff;
background-image: none;
color: #374151;
pointer-events: none;
} to {
background-color: #22c55e;
background-image: none;
color: #ffffff;
pointer-events: none;
} }
._52c9adf9 {
animation: 250ms ease-in-out 1 forwards _52c9adf9;color: #374151;
}
