---
source: tests/style_tests.rs
expression: c.build()
---
._6c308948 {
}
:where(._da8d8259:active > :not(:last-child)) {
border-inline-end-width: 1px;
}
:where(._1d6ac6cc:active:focus > :not(:last-child)) {
border-inline-end-width: 1px;
}
._44487497:active:focus {
border-color: #000000;
}
._6a2a6a27:active {
background-color: #3b82f6;
}
._d0d6b38b:focus {
border-color: #f87171;
}
